============================================================
社会科入試問題分析 - テーマ一覧
============================================================

学校名: テスト学校
年度: 2025年
総問題数: 5問

【分野別出題状況】
  地理      :   2問 ( 40.0%)
  歴史      :   2問 ( 40.0%)
  公民      :   1問 ( 20.0%)

【出題テーマ一覧】

▼ 大問 1
----------------------------------------
  問1: 江戸時代の政治 [歴史]
  問2: 明治維新 [歴史]

▼ 大問 2
----------------------------------------
  問1: 日本の地形 [地理]
  問2: 気候と農業 [地理]

▼ 大問 3
----------------------------------------
  問1: 国会のしくみ [公民]

============================================================
分析終了